[96mcomponents/mobile-nav.tsx[0m:[93m6[0m:[93m20[0m - [91merror[0m[90m TS2307: [0mCannot find module '@/lib/utils' or its corresponding type declarations.

[7m6[0m import { cn } from "@/lib/utils"
[7m [0m [91m                   ~~~~~~~~~~~~~[0m

[96mcomponents/mobile-nav.tsx[0m:[93m7[0m:[93m25[0m - [91merror[0m[90m TS2307: [0mCannot find module '@/context/auth-context' or its corresponding type declarations.

[7m7[0m import { useAuth } from "@/context/auth-context"
[7m [0m [91m                        ~~~~~~~~~~~~~~~~~~~~~~~~[0m

[96mcomponents/mobile-nav.tsx[0m:[93m9[0m:[93m32[0m - [91merror[0m[90m TS2307: [0mCannot find module '@/components/ui/button' or its corresponding type declarations.

[7m9[0m import { buttonVariants } from "@/components/ui/button"
[7m [0m [91m                               ~~~~~~~~~~~~~~~~~~~~~~~~[0m

[96mcomponents/mobile-nav.tsx[0m:[93m44[0m:[93m7[0m - [91merror[0m[90m TS2353: [0mObject literal may only specify known properties, and 'onClick' does not exist in type '{ href: string; label: string; active: boolean; icon: ForwardRefExoticComponent<Omit<LucideProps, "ref"> & RefAttributes<SVGSVGElement>>; }'.

[7m44[0m       onClick: () => {
[7m  [0m [91m      ~~~~~~~[0m

[96mcomponents/mobile-nav.tsx[0m:[93m52[0m:[93m5[0m - [91merror[0m[90m TS17004: [0mCannot use JSX unless the '--jsx' flag is provided.

[7m52[0m     <nav className="fixed bottom-0 left-0 right-0 z-50 bg-background/95 backdrop-blur border-t flex justify-around items-center h-16 no-print">
[7m  [0m [91m    ~~~~~~~~~~~~~~~~~~~~~~~~~~~~~~~~~~~~~~~~~~~~~~~~~~~~~~~~~~~~~~~~~~~~~~~~~~~~~~~~~~~~~~~~~~~~~~~~~~~~~~~~~~~~~~~~~~~~~~~~~~~~~~~~~~~~~~~~~~~[0m

[96mcomponents/mobile-nav.tsx[0m:[93m56[0m:[93m11[0m - [91merror[0m[90m TS17004: [0mCannot use JSX unless the '--jsx' flag is provided.

[7m 56[0m           <Link
[7m   [0m [91m          ~~~~~[0m
[7m 57[0m             key={item.label}
[7m   [0m [91m~~~~~~~~~~~~~~~~~~~~~~~~~~~~[0m
[7m...[0m 
[7m 60[0m             className={cn("flex flex-col items-center justify-center w-full py-2", isActive && "text-primary")}
[7m   [0m [91m~~~~~~~~~~~~~~~~~~~~~~~~~~~~~~~~~~~~~~~~~~~~~~~~~~~~~~~~~~~~~~~~~~~~~~~~~~~~~~~~~~~~~~~~~~~~~~~~~~~~~~~~~~~~~~~[0m
[7m 61[0m           >
[7m   [0m [91m~~~~~~~~~~~[0m

[96mcomponents/mobile-nav.tsx[0m:[93m59[0m:[93m27[0m - [91merror[0m[90m TS2339: [0mProperty 'onClick' does not exist on type '{ href: string; label: string; active: boolean; icon: ForwardRefExoticComponent<Omit<LucideProps, "ref"> & RefAttributes<SVGSVGElement>>; }'.

[7m59[0m             onClick={item.onClick}
[7m  [0m [91m                          ~~~~~~~[0m

[96mcomponents/mobile-nav.tsx[0m:[93m62[0m:[93m13[0m - [91merror[0m[90m TS17004: [0mCannot use JSX unless the '--jsx' flag is provided.

[7m62[0m             <item.icon className={cn("h-6 w-6", isActive ? "text-primary" : "text-muted-foreground")} />
[7m  [0m [91m            ~~~~~~~~~~~~~~~~~~~~~~~~~~~~~~~~~~~~~~~~~~~~~~~~~~~~~~~~~~~~~~~~~~~~~~~~~~~~~~~~~~~~~~~~~~~~[0m

[96mcomponents/mobile-nav.tsx[0m:[93m63[0m:[93m13[0m - [91merror[0m[90m TS17004: [0mCannot use JSX unless the '--jsx' flag is provided.

[7m63[0m             <span className={cn("text-xs", isActive ? "font-medium text-primary" : "text-muted-foreground")}>
[7m  [0m [91m            ~~~~~~~~~~~~~~~~~~~~~~~~~~~~~~~~~~~~~~~~~~~~~~~~~~~~~~~~~~~~~~~~~~~~~~~~~~~~~~~~~~~~~~~~~~~~~~~~~[0m

[96mnode_modules/cookies-next/lib/client/context.d.ts[0m:[93m1[0m:[93m8[0m - [91merror[0m[90m TS1259: [0mModule '"C:/Users/Asus/OneDrive/Desktop/newRR2/node_modules/@types/react/index"' can only be default-imported using the 'esModuleInterop' flag

[7m1[0m import React, { ReactNode } from 'react';
[7m [0m [91m       ~~~~~[0m

  [96mnode_modules/@types/react/index.d.ts[0m:[93m47[0m:[93m1[0m
    [7m47[0m export = React;
    [7m  [0m [96m~~~~~~~~~~~~~~~[0m
    This module is declared with 'export =', and can only be used with a default import when using the 'esModuleInterop' flag.

[96mnode_modules/next/dist/build/templates/app-page.d.ts[0m:[93m10[0m:[93m40[0m - [91merror[0m[90m TS2307: [0mCannot find module 'VAR_MODULE_GLOBAL_ERROR' or its corresponding type declarations.

[7m10[0m export { default as GlobalError } from 'VAR_MODULE_GLOBAL_ERROR';
[7m  [0m [91m                                       ~~~~~~~~~~~~~~~~~~~~~~~~~[0m

[96mnode_modules/next/dist/build/webpack-config.d.ts[0m:[93m9[0m:[93m104[0m - [91merror[0m[90m TS2694: [0mNamespace '"C:/Users/Asus/OneDrive/Desktop/newRR2/node_modules/next/dist/compiled/webpack/webpack".webpack' has no exported member 'RuleSetUseItem'.

[7m9[0m export declare function attachReactRefresh(webpackConfig: webpack.Configuration, targetLoader: webpack.RuleSetUseItem): void;
[7m [0m [91m                                                                                                       ~~~~~~~~~~~~~~[0m

[96mnode_modules/next/dist/build/webpack/loaders/next-app-loader/index.d.ts[0m:[93m1[0m:[93m13[0m - [91merror[0m[90m TS2613: [0mModule '"C:/Users/Asus/OneDrive/Desktop/newRR2/node_modules/next/dist/compiled/webpack/webpack"' has no default export. Did you mean to use 'import { webpack } from "C:/Users/Asus/OneDrive/Desktop/newRR2/node_modules/next/dist/compiled/webpack/webpack"' instead?

[7m1[0m import type webpack from 'next/dist/compiled/webpack/webpack';
[7m [0m [91m            ~~~~~~~[0m

[96mnode_modules/next/dist/client/components/error-boundary.d.ts[0m:[93m1[0m:[93m8[0m - [91merror[0m[90m TS1259: [0mModule '"C:/Users/Asus/OneDrive/Desktop/newRR2/node_modules/@types/react/index"' can only be default-imported using the 'esModuleInterop' flag

[7m1[0m import React, { type JSX } from 'react';
[7m [0m [91m       ~~~~~[0m

  [96mnode_modules/@types/react/index.d.ts[0m:[93m47[0m:[93m1[0m
    [7m47[0m export = React;
    [7m  [0m [96m~~~~~~~~~~~~~~~[0m
    This module is declared with 'export =', and can only be used with a default import when using the 'esModuleInterop' flag.

[96mnode_modules/next/dist/client/components/http-access-fallback/error-boundary.d.ts[0m:[93m11[0m:[93m8[0m - [91merror[0m[90m TS1259: [0mModule '"C:/Users/Asus/OneDrive/Desktop/newRR2/node_modules/@types/react/index"' can only be default-imported using the 'esModuleInterop' flag

[7m11[0m import React from 'react';
[7m  [0m [91m       ~~~~~[0m

  [96mnode_modules/@types/react/index.d.ts[0m:[93m47[0m:[93m1[0m
    [7m47[0m export = React;
    [7m  [0m [96m~~~~~~~~~~~~~~~[0m
    This module is declared with 'export =', and can only be used with a default import when using the 'esModuleInterop' flag.

[96mnode_modules/next/dist/client/components/layout-router.d.ts[0m:[93m2[0m:[93m8[0m - [91merror[0m[90m TS1259: [0mModule '"C:/Users/Asus/OneDrive/Desktop/newRR2/node_modules/@types/react/index"' can only be default-imported using the 'esModuleInterop' flag

[7m2[0m import React from 'react';
[7m [0m [91m       ~~~~~[0m

  [96mnode_modules/@types/react/index.d.ts[0m:[93m47[0m:[93m1[0m
    [7m47[0m export = React;
    [7m  [0m [96m~~~~~~~~~~~~~~~[0m
    This module is declared with 'export =', and can only be used with a default import when using the 'esModuleInterop' flag.

[96mnode_modules/next/dist/client/link.d.ts[0m:[93m1[0m:[93m8[0m - [91merror[0m[90m TS1259: [0mModule '"C:/Users/Asus/OneDrive/Desktop/newRR2/node_modules/@types/react/index"' can only be default-imported using the 'esModuleInterop' flag

[7m1[0m import React from 'react';
[7m [0m [91m       ~~~~~[0m

  [96mnode_modules/@types/react/index.d.ts[0m:[93m47[0m:[93m1[0m
    [7m47[0m export = React;
    [7m  [0m [96m~~~~~~~~~~~~~~~[0m
    This module is declared with 'export =', and can only be used with a default import when using the 'esModuleInterop' flag.

[96mnode_modules/next/dist/client/with-router.d.ts[0m:[93m1[0m:[93m8[0m - [91merror[0m[90m TS1259: [0mModule '"C:/Users/Asus/OneDrive/Desktop/newRR2/node_modules/@types/react/index"' can only be default-imported using the 'esModuleInterop' flag

[7m1[0m import React from 'react';
[7m [0m [91m       ~~~~~[0m

  [96mnode_modules/@types/react/index.d.ts[0m:[93m47[0m:[93m1[0m
    [7m47[0m export = React;
    [7m  [0m [96m~~~~~~~~~~~~~~~[0m
    This module is declared with 'export =', and can only be used with a default import when using the 'esModuleInterop' flag.

[96mnode_modules/next/dist/lib/metadata/metadata.d.ts[0m:[93m1[0m:[93m8[0m - [91merror[0m[90m TS1259: [0mModule '"C:/Users/Asus/OneDrive/Desktop/newRR2/node_modules/@types/react/index"' can only be default-imported using the 'esModuleInterop' flag

[7m1[0m import React from 'react';
[7m [0m [91m       ~~~~~[0m

  [96mnode_modules/@types/react/index.d.ts[0m:[93m47[0m:[93m1[0m
    [7m47[0m export = React;
    [7m  [0m [96m~~~~~~~~~~~~~~~[0m
    This module is declared with 'export =', and can only be used with a default import when using the 'esModuleInterop' flag.

[96mnode_modules/next/dist/server/app-render/entry-base.d.ts[0m:[93m1[0m:[93m114[0m - [91merror[0m[90m TS2307: [0mCannot find module 'react-server-dom-webpack/server.edge' or its corresponding type declarations.

[7m1[0m export { createTemporaryReferenceSet, renderToReadableStream, decodeReply, decodeAction, decodeFormState, } from 'react-server-dom-webpack/server.edge';
[7m [0m [91m                                                                                                                 ~~~~~~~~~~~~~~~~~~~~~~~~~~~~~~~~~~~~~~[0m

[96mnode_modules/next/dist/server/app-render/entry-base.d.ts[0m:[93m2[0m:[93m49[0m - [91merror[0m[90m TS2307: [0mCannot find module 'react-server-dom-webpack/static.edge' or its corresponding type declarations.

[7m2[0m export { unstable_prerender as prerender } from 'react-server-dom-webpack/static.edge';
[7m [0m [91m                                                ~~~~~~~~~~~~~~~~~~~~~~~~~~~~~~~~~~~~~~[0m

[96mnode_modules/next/dist/server/web/spec-extension/adapters/headers.d.ts[0m:[93m39[0m:[93m16[0m - [91merror[0m[90m TS2304: [0mCannot find name 'HeadersIterator'.

[7m39[0m     entries(): HeadersIterator<[string, string]>;
[7m  [0m [91m               ~~~~~~~~~~~~~~~[0m

[96mnode_modules/next/dist/server/web/spec-extension/adapters/headers.d.ts[0m:[93m40[0m:[93m13[0m - [91merror[0m[90m TS2304: [0mCannot find name 'HeadersIterator'.

[7m40[0m     keys(): HeadersIterator<string>;
[7m  [0m [91m            ~~~~~~~~~~~~~~~[0m

[96mnode_modules/next/dist/server/web/spec-extension/adapters/headers.d.ts[0m:[93m41[0m:[93m15[0m - [91merror[0m[90m TS2304: [0mCannot find name 'HeadersIterator'.

[7m41[0m     values(): HeadersIterator<string>;
[7m  [0m [91m              ~~~~~~~~~~~~~~~[0m

[96mnode_modules/next/dist/server/web/spec-extension/adapters/headers.d.ts[0m:[93m42[0m:[93m26[0m - [91merror[0m[90m TS2304: [0mCannot find name 'HeadersIterator'.

[7m42[0m     [Symbol.iterator](): HeadersIterator<[string, string]>;
[7m  [0m [91m                         ~~~~~~~~~~~~~~~[0m

[96mnode_modules/next/dist/shared/lib/amp-context.shared-runtime.d.ts[0m:[93m1[0m:[93m8[0m - [91merror[0m[90m TS1259: [0mModule '"C:/Users/Asus/OneDrive/Desktop/newRR2/node_modules/@types/react/index"' can only be default-imported using the 'esModuleInterop' flag

[7m1[0m import React from 'react';
[7m [0m [91m       ~~~~~[0m

  [96mnode_modules/@types/react/index.d.ts[0m:[93m47[0m:[93m1[0m
    [7m47[0m export = React;
    [7m  [0m [96m~~~~~~~~~~~~~~~[0m
    This module is declared with 'export =', and can only be used with a default import when using the 'esModuleInterop' flag.

[96mnode_modules/next/dist/shared/lib/app-router-context.shared-runtime.d.ts[0m:[93m4[0m:[93m8[0m - [91merror[0m[90m TS1259: [0mModule '"C:/Users/Asus/OneDrive/Desktop/newRR2/node_modules/@types/react/index"' can only be default-imported using the 'esModuleInterop' flag

[7m4[0m import React from 'react';
[7m [0m [91m       ~~~~~[0m

  [96mnode_modules/@types/react/index.d.ts[0m:[93m47[0m:[93m1[0m
    [7m47[0m export = React;
    [7m  [0m [96m~~~~~~~~~~~~~~~[0m
    This module is declared with 'export =', and can only be used with a default import when using the 'esModuleInterop' flag.

[96mnode_modules/next/dist/shared/lib/head-manager-context.shared-runtime.d.ts[0m:[93m1[0m:[93m8[0m - [91merror[0m[90m TS1259: [0mModule '"C:/Users/Asus/OneDrive/Desktop/newRR2/node_modules/@types/react/index"' can only be default-imported using the 'esModuleInterop' flag

[7m1[0m import React from 'react';
[7m [0m [91m       ~~~~~[0m

  [96mnode_modules/@types/react/index.d.ts[0m:[93m47[0m:[93m1[0m
    [7m47[0m export = React;
    [7m  [0m [96m~~~~~~~~~~~~~~~[0m
    This module is declared with 'export =', and can only be used with a default import when using the 'esModuleInterop' flag.

[96mnode_modules/next/dist/shared/lib/image-config-context.shared-runtime.d.ts[0m:[93m1[0m:[93m8[0m - [91merror[0m[90m TS1259: [0mModule '"C:/Users/Asus/OneDrive/Desktop/newRR2/node_modules/@types/react/index"' can only be default-imported using the 'esModuleInterop' flag

[7m1[0m import React from 'react';
[7m [0m [91m       ~~~~~[0m

  [96mnode_modules/@types/react/index.d.ts[0m:[93m47[0m:[93m1[0m
    [7m47[0m export = React;
    [7m  [0m [96m~~~~~~~~~~~~~~~[0m
    This module is declared with 'export =', and can only be used with a default import when using the 'esModuleInterop' flag.

[96mnode_modules/next/dist/shared/lib/loadable-context.shared-runtime.d.ts[0m:[93m1[0m:[93m8[0m - [91merror[0m[90m TS1259: [0mModule '"C:/Users/Asus/OneDrive/Desktop/newRR2/node_modules/@types/react/index"' can only be default-imported using the 'esModuleInterop' flag

[7m1[0m import React from 'react';
[7m [0m [91m       ~~~~~[0m

  [96mnode_modules/@types/react/index.d.ts[0m:[93m47[0m:[93m1[0m
    [7m47[0m export = React;
    [7m  [0m [96m~~~~~~~~~~~~~~~[0m
    This module is declared with 'export =', and can only be used with a default import when using the 'esModuleInterop' flag.

[96mnode_modules/next/dist/shared/lib/loadable.shared-runtime.d.ts[0m:[93m21[0m:[93m8[0m - [91merror[0m[90m TS1259: [0mModule '"C:/Users/Asus/OneDrive/Desktop/newRR2/node_modules/@types/react/index"' can only be default-imported using the 'esModuleInterop' flag

[7m21[0m import React from 'react';
[7m  [0m [91m       ~~~~~[0m

  [96mnode_modules/@types/react/index.d.ts[0m:[93m47[0m:[93m1[0m
    [7m47[0m export = React;
    [7m  [0m [96m~~~~~~~~~~~~~~~[0m
    This module is declared with 'export =', and can only be used with a default import when using the 'esModuleInterop' flag.

[96mnode_modules/next/dist/shared/lib/router-context.shared-runtime.d.ts[0m:[93m1[0m:[93m8[0m - [91merror[0m[90m TS1259: [0mModule '"C:/Users/Asus/OneDrive/Desktop/newRR2/node_modules/@types/react/index"' can only be default-imported using the 'esModuleInterop' flag

[7m1[0m import React from 'react';
[7m [0m [91m       ~~~~~[0m

  [96mnode_modules/@types/react/index.d.ts[0m:[93m47[0m:[93m1[0m
    [7m47[0m export = React;
    [7m  [0m [96m~~~~~~~~~~~~~~~[0m
    This module is declared with 'export =', and can only be used with a default import when using the 'esModuleInterop' flag.

[96mnode_modules/next/dist/shared/lib/server-inserted-html.shared-runtime.d.ts[0m:[93m1[0m:[93m8[0m - [91merror[0m[90m TS1259: [0mModule '"C:/Users/Asus/OneDrive/Desktop/newRR2/node_modules/@types/react/index"' can only be default-imported using the 'esModuleInterop' flag

[7m1[0m import React from 'react';
[7m [0m [91m       ~~~~~[0m

  [96mnode_modules/@types/react/index.d.ts[0m:[93m47[0m:[93m1[0m
    [7m47[0m export = React;
    [7m  [0m [96m~~~~~~~~~~~~~~~[0m
    This module is declared with 'export =', and can only be used with a default import when using the 'esModuleInterop' flag.

[96mnode_modules/next/dist/shared/lib/server-inserted-metadata.shared-runtime.d.ts[0m:[93m1[0m:[93m13[0m - [91merror[0m[90m TS1259: [0mModule '"C:/Users/Asus/OneDrive/Desktop/newRR2/node_modules/@types/react/index"' can only be default-imported using the 'esModuleInterop' flag

[7m1[0m import type React from 'react';
[7m [0m [91m            ~~~~~[0m

  [96mnode_modules/@types/react/index.d.ts[0m:[93m47[0m:[93m1[0m
    [7m47[0m export = React;
    [7m  [0m [96m~~~~~~~~~~~~~~~[0m
    This module is declared with 'export =', and can only be used with a default import when using the 'esModuleInterop' flag.

[96mnode_modules/next/dist/shared/lib/utils.d.ts[0m:[93m10[0m:[93m13[0m - [91merror[0m[90m TS1192: [0mModule '"fs"' has no default export.

[7m10[0m import type fs from 'fs';
[7m  [0m [91m            ~~[0m

[96mnode_modules/next/dist/types.d.ts[0m:[93m8[0m:[93m13[0m - [91merror[0m[90m TS1259: [0mModule '"C:/Users/Asus/OneDrive/Desktop/newRR2/node_modules/@types/react/index"' can only be default-imported using the 'esModuleInterop' flag

[7m8[0m import type React from 'react';
[7m [0m [91m            ~~~~~[0m

  [96mnode_modules/@types/react/index.d.ts[0m:[93m47[0m:[93m1[0m
    [7m47[0m export = React;
    [7m  [0m [96m~~~~~~~~~~~~~~~[0m
    This module is declared with 'export =', and can only be used with a default import when using the 'esModuleInterop' flag.


Found 36 errors in 24 files.

Errors  Files
     9  components/mobile-nav.tsx[90m:6[0m
     1  node_modules/cookies-next/lib/client/context.d.ts[90m:1[0m
     1  node_modules/next/dist/build/templates/app-page.d.ts[90m:10[0m
     1  node_modules/next/dist/build/webpack-config.d.ts[90m:9[0m
     1  node_modules/next/dist/build/webpack/loaders/next-app-loader/index.d.ts[90m:1[0m
     1  node_modules/next/dist/client/components/error-boundary.d.ts[90m:1[0m
     1  node_modules/next/dist/client/components/http-access-fallback/error-boundary.d.ts[90m:11[0m
     1  node_modules/next/dist/client/components/layout-router.d.ts[90m:2[0m
     1  node_modules/next/dist/client/link.d.ts[90m:1[0m
     1  node_modules/next/dist/client/with-router.d.ts[90m:1[0m
     1  node_modules/next/dist/lib/metadata/metadata.d.ts[90m:1[0m
     2  node_modules/next/dist/server/app-render/entry-base.d.ts[90m:1[0m
     4  node_modules/next/dist/server/web/spec-extension/adapters/headers.d.ts[90m:39[0m
     1  node_modules/next/dist/shared/lib/amp-context.shared-runtime.d.ts[90m:1[0m
     1  node_modules/next/dist/shared/lib/app-router-context.shared-runtime.d.ts[90m:4[0m
     1  node_modules/next/dist/shared/lib/head-manager-context.shared-runtime.d.ts[90m:1[0m
     1  node_modules/next/dist/shared/lib/image-config-context.shared-runtime.d.ts[90m:1[0m
     1  node_modules/next/dist/shared/lib/loadable-context.shared-runtime.d.ts[90m:1[0m
     1  node_modules/next/dist/shared/lib/loadable.shared-runtime.d.ts[90m:21[0m
     1  node_modules/next/dist/shared/lib/router-context.shared-runtime.d.ts[90m:1[0m
     1  node_modules/next/dist/shared/lib/server-inserted-html.shared-runtime.d.ts[90m:1[0m
     1  node_modules/next/dist/shared/lib/server-inserted-metadata.shared-runtime.d.ts[90m:1[0m
     1  node_modules/next/dist/shared/lib/utils.d.ts[90m:10[0m
     1  node_modules/next/dist/types.d.ts[90m:8[0m
